Ok(
    Program {
        statements: [
            Expr(
                BinOp {
                    op: Add,
                    lhs: Ident(
                        "a",
                    ),
                    rhs: Call {
                        callee: Ident(
                            "b",
                        ),
                        args: [
                            Ident(
                                "x",
                            ),
                            Ident(
                                "y",
                            ),
                        ],
                    },
                },
            ),
        ],
    },
)