Ok(
    Program {
        statements: [
            Expr(
                IntLit(
                    "123",
                ),
            ),
        ],
    },
)