Ok(
    Program {
        statements: [
            Expr(
                Lambda {
                    params: [
                        "x",
                    ],
                    body: BinOp {
                        op: Add,
                        lhs: Ident(
                            "x",
                        ),
                        rhs: IntLit(
                            "1",
                        ),
                    },
                },
            ),
        ],
    },
)